reading train and test user-item set ...
combinating train_cf and kg data ...
building the graph ...
Begin to load interaction triples ...

Begin to load knowledge graph triples ...
building the adj mat ...
Begin to build sparse relation matrix ...
start training ...
az-wus2-a100-worker-00030:7342:7342 [0] NCCL INFO Bootstrap : Using eth0:192.168.0.33<0>
az-wus2-a100-worker-00030:7342:7342 [0] NCCL INFO Plugin Path : /opt/nccl-rdma-sharp-plugins/lib/libnccl-net.so
az-wus2-a100-worker-00030:7342:7342 [0] NCCL INFO P2P plugin IBext
az-wus2-a100-worker-00030:7342:7342 [0] NCCL INFO NCCL_IB_PCI_RELAXED_ORDERING set by environment to 1.
az-wus2-a100-worker-00030:7342:7342 [0] NCCL INFO NET/IB : Using [0]mlx5_0:1/IB/SHARP [1]mlx5_1:1/IB/SHARP [2]mlx5_2:1/IB/SHARP [3]mlx5_3:1/IB/SHARP [4]mlx5_4:1/IB/SHARP [5]mlx5_5:1/IB/SHARP [6]mlx5_6:1/IB/SHARP [7]mlx5_7:1/IB/SHARP ; OOB eth0:192.168.0.33<0>
az-wus2-a100-worker-00030:7342:7342 [0] NCCL INFO Using network IBext
NCCL version 2.8.4+cuda11.1
az-wus2-a100-worker-00030:7342:8285 [2] NCCL INFO NCCL_NET_GDR_LEVEL set by environment to SYS
az-wus2-a100-worker-00030:7342:8284 [1] NCCL INFO Trees [0] 0/-1/-1->1->2 [1] 0/-1/-1->1->2 [2] 0/-1/-1->1->2 [3] 0/-1/-1->1->2 [4] 0/-1/-1->1->2 [5] 0/-1/-1->1->2 [6] 0/-1/-1->1->2 [7] 0/-1/-1->1->2 [8] 0/-1/-1->1->2 [9] 0/-1/-1->1->2 [10] 0/-1/-1->1->2 [11] 0/-1/-1->1->2 [12] 0/-1/-1->1->2 [13] 0/-1/-1->1->2 [14] 0/-1/-1->1->2 [15] 0/-1/-1->1->2 [16] 0/-1/-1->1->2 [17] 0/-1/-1->1->2 [18] 0/-1/-1->1->2 [19] 0/-1/-1->1->2 [20] 0/-1/-1->1->2 [21] 0/-1/-1->1->2 [22] 0/-1/-1->1->2 [23] 0/-1/-1->1->2
az-wus2-a100-worker-00030:7342:8286 [3] NCCL INFO Trees [0] 2/-1/-1->3->4 [1] 2/-1/-1->3->4 [2] 2/-1/-1->3->4 [3] 2/-1/-1->3->4 [4] 2/-1/-1->3->4 [5] 2/-1/-1->3->4 [6] 2/-1/-1->3->4 [7] 2/-1/-1->3->4 [8] 2/-1/-1->3->4 [9] 2/-1/-1->3->4 [10] 2/-1/-1->3->4 [11] 2/-1/-1->3->4 [12] 2/-1/-1->3->4 [13] 2/-1/-1->3->4 [14] 2/-1/-1->3->4 [15] 2/-1/-1->3->4 [16] 2/-1/-1->3->4 [17] 2/-1/-1->3->4 [18] 2/-1/-1->3->4 [19] 2/-1/-1->3->4 [20] 2/-1/-1->3->4 [21] 2/-1/-1->3->4 [22] 2/-1/-1->3->4 [23] 2/-1/-1->3->4
az-wus2-a100-worker-00030:7342:8284 [1] NCCL INFO Setting affinity for GPU 6 to ffff,0000ffff
az-wus2-a100-worker-00030:7342:8286 [3] NCCL INFO Setting affinity for GPU 4 to ffff,0000ffff
az-wus2-a100-worker-00030:7342:8285 [2] NCCL INFO Trees [0] 1/-1/-1->2->3 [1] 1/-1/-1->2->3 [2] 1/-1/-1->2->3 [3] 1/-1/-1->2->3 [4] 1/-1/-1->2->3 [5] 1/-1/-1->2->3 [6] 1/-1/-1->2->3 [7] 1/-1/-1->2->3 [8] 1/-1/-1->2->3 [9] 1/-1/-1->2->3 [10] 1/-1/-1->2->3 [11] 1/-1/-1->2->3 [12] 1/-1/-1->2->3 [13] 1/-1/-1->2->3 [14] 1/-1/-1->2->3 [15] 1/-1/-1->2->3 [16] 1/-1/-1->2->3 [17] 1/-1/-1->2->3 [18] 1/-1/-1->2->3 [19] 1/-1/-1->2->3 [20] 1/-1/-1->2->3 [21] 1/-1/-1->2->3 [22] 1/-1/-1->2->3 [23] 1/-1/-1->2->3
az-wus2-a100-worker-00030:7342:8287 [4] NCCL INFO Trees [0] 3/-1/-1->4->5 [1] 3/-1/-1->4->5 [2] 3/-1/-1->4->5 [3] 3/-1/-1->4->5 [4] 3/-1/-1->4->5 [5] 3/-1/-1->4->5 [6] 3/-1/-1->4->5 [7] 3/-1/-1->4->5 [8] 3/-1/-1->4->5 [9] 3/-1/-1->4->5 [10] 3/-1/-1->4->5 [11] 3/-1/-1->4->5 [12] 3/-1/-1->4->5 [13] 3/-1/-1->4->5 [14] 3/-1/-1->4->5 [15] 3/-1/-1->4->5 [16] 3/-1/-1->4->5 [17] 3/-1/-1->4->5 [18] 3/-1/-1->4->5 [19] 3/-1/-1->4->5 [20] 3/-1/-1->4->5 [21] 3/-1/-1->4->5 [22] 3/-1/-1->4->5 [23] 3/-1/-1->4->5
az-wus2-a100-worker-00030:7342:8285 [2] NCCL INFO Setting affinity for GPU 5 to ffff,0000ffff
az-wus2-a100-worker-00030:7342:8287 [4] NCCL INFO Setting affinity for GPU 3 to ffff,0000ffff
az-wus2-a100-worker-00030:7342:8288 [5] NCCL INFO Trees [0] 4/-1/-1->5->6 [1] 4/-1/-1->5->6 [2] 4/-1/-1->5->6 [3] 4/-1/-1->5->6 [4] 4/-1/-1->5->6 [5] 4/-1/-1->5->6 [6] 4/-1/-1->5->6 [7] 4/-1/-1->5->6 [8] 4/-1/-1->5->6 [9] 4/-1/-1->5->6 [10] 4/-1/-1->5->6 [11] 4/-1/-1->5->6 [12] 4/-1/-1->5->6 [13] 4/-1/-1->5->6 [14] 4/-1/-1->5->6 [15] 4/-1/-1->5->6 [16] 4/-1/-1->5->6 [17] 4/-1/-1->5->6 [18] 4/-1/-1->5->6 [19] 4/-1/-1->5->6 [20] 4/-1/-1->5->6 [21] 4/-1/-1->5->6 [22] 4/-1/-1->5->6 [23] 4/-1/-1->5->6
az-wus2-a100-worker-00030:7342:8288 [5] NCCL INFO Setting affinity for GPU 2 to ffff,0000ffff
az-wus2-a100-worker-00030:7342:8289 [6] NCCL INFO Trees [0] 5/-1/-1->6->7 [1] 5/-1/-1->6->7 [2] 5/-1/-1->6->7 [3] 5/-1/-1->6->7 [4] 5/-1/-1->6->7 [5] 5/-1/-1->6->7 [6] 5/-1/-1->6->7 [7] 5/-1/-1->6->7 [8] 5/-1/-1->6->7 [9] 5/-1/-1->6->7 [10] 5/-1/-1->6->7 [11] 5/-1/-1->6->7 [12] 5/-1/-1->6->7 [13] 5/-1/-1->6->7 [14] 5/-1/-1->6->7 [15] 5/-1/-1->6->7 [16] 5/-1/-1->6->7 [17] 5/-1/-1->6->7 [18] 5/-1/-1->6->7 [19] 5/-1/-1->6->7 [20] 5/-1/-1->6->7 [21] 5/-1/-1->6->7 [22] 5/-1/-1->6->7 [23] 5/-1/-1->6->7
az-wus2-a100-worker-00030:7342:8289 [6] NCCL INFO Setting affinity for GPU 1 to ffff,0000ffff
az-wus2-a100-worker-00030:7342:8290 [7] NCCL INFO Trees [0] 6/-1/-1->7->-1 [1] 6/-1/-1->7->-1 [2] 6/-1/-1->7->-1 [3] 6/-1/-1->7->-1 [4] 6/-1/-1->7->-1 [5] 6/-1/-1->7->-1 [6] 6/-1/-1->7->-1 [7] 6/-1/-1->7->-1 [8] 6/-1/-1->7->-1 [9] 6/-1/-1->7->-1 [10] 6/-1/-1->7->-1 [11] 6/-1/-1->7->-1 [12] 6/-1/-1->7->-1 [13] 6/-1/-1->7->-1 [14] 6/-1/-1->7->-1 [15] 6/-1/-1->7->-1 [16] 6/-1/-1->7->-1 [17] 6/-1/-1->7->-1 [18] 6/-1/-1->7->-1 [19] 6/-1/-1->7->-1 [20] 6/-1/-1->7->-1 [21] 6/-1/-1->7->-1 [22] 6/-1/-1->7->-1 [23] 6/-1/-1->7->-1
az-wus2-a100-worker-00030:7342:8290 [7] NCCL INFO Setting affinity for GPU 0 to ffff,0000ffff
az-wus2-a100-worker-00030:7342:8283 [0] NCCL INFO Channel 00/24 :    0   7   6   5   4   3   2   1
az-wus2-a100-worker-00030:7342:8283 [0] NCCL INFO Channel 01/24 :    0   7   6   5   4   3   2   1
az-wus2-a100-worker-00030:7342:8283 [0] NCCL INFO Channel 02/24 :    0   7   6   5   4   3   2   1
az-wus2-a100-worker-00030:7342:8283 [0] NCCL INFO Channel 03/24 :    0   7   6   5   4   3   2   1
az-wus2-a100-worker-00030:7342:8283 [0] NCCL INFO Channel 04/24 :    0   7   6   5   4   3   2   1
az-wus2-a100-worker-00030:7342:8283 [0] NCCL INFO Channel 05/24 :    0   7   6   5   4   3   2   1
az-wus2-a100-worker-00030:7342:8283 [0] NCCL INFO Channel 06/24 :    0   7   6   5   4   3   2   1
az-wus2-a100-worker-00030:7342:8283 [0] NCCL INFO Channel 07/24 :    0   7   6   5   4   3   2   1
az-wus2-a100-worker-00030:7342:8283 [0] NCCL INFO Channel 08/24 :    0   7   6   5   4   3   2   1
az-wus2-a100-worker-00030:7342:8283 [0] NCCL INFO Channel 09/24 :    0   7   6   5   4   3   2   1
az-wus2-a100-worker-00030:7342:8283 [0] NCCL INFO Channel 10/24 :    0   7   6   5   4   3   2   1
az-wus2-a100-worker-00030:7342:8283 [0] NCCL INFO Channel 11/24 :    0   7   6   5   4   3   2   1
az-wus2-a100-worker-00030:7342:8283 [0] NCCL INFO Channel 12/24 :    0   7   6   5   4   3   2   1
az-wus2-a100-worker-00030:7342:8283 [0] NCCL INFO Channel 13/24 :    0   7   6   5   4   3   2   1
az-wus2-a100-worker-00030:7342:8283 [0] NCCL INFO Channel 14/24 :    0   7   6   5   4   3   2   1
az-wus2-a100-worker-00030:7342:8283 [0] NCCL INFO Channel 15/24 :    0   7   6   5   4   3   2   1
az-wus2-a100-worker-00030:7342:8283 [0] NCCL INFO Channel 16/24 :    0   7   6   5   4   3   2   1
az-wus2-a100-worker-00030:7342:8283 [0] NCCL INFO Channel 17/24 :    0   7   6   5   4   3   2   1
az-wus2-a100-worker-00030:7342:8283 [0] NCCL INFO Channel 18/24 :    0   7   6   5   4   3   2   1
az-wus2-a100-worker-00030:7342:8283 [0] NCCL INFO Channel 19/24 :    0   7   6   5   4   3   2   1
az-wus2-a100-worker-00030:7342:8283 [0] NCCL INFO Channel 20/24 :    0   7   6   5   4   3   2   1
az-wus2-a100-worker-00030:7342:8283 [0] NCCL INFO Channel 21/24 :    0   7   6   5   4   3   2   1
az-wus2-a100-worker-00030:7342:8283 [0] NCCL INFO Channel 22/24 :    0   7   6   5   4   3   2   1
az-wus2-a100-worker-00030:7342:8283 [0] NCCL INFO Channel 23/24 :    0   7   6   5   4   3   2   1
az-wus2-a100-worker-00030:7342:8283 [0] NCCL INFO Trees [0] -1/-1/-1->0->1 [1] -1/-1/-1->0->1 [2] -1/-1/-1->0->1 [3] -1/-1/-1->0->1 [4] -1/-1/-1->0->1 [5] -1/-1/-1->0->1 [6] -1/-1/-1->0->1 [7] -1/-1/-1->0->1 [8] -1/-1/-1->0->1 [9] -1/-1/-1->0->1 [10] -1/-1/-1->0->1 [11] -1/-1/-1->0->1 [12] -1/-1/-1->0->1 [13] -1/-1/-1->0->1 [14] -1/-1/-1->0->1 [15] -1/-1/-1->0->1 [16] -1/-1/-1->0->1 [17] -1/-1/-1->0->1 [18] -1/-1/-1->0->1 [19] -1/-1/-1->0->1 [20] -1/-1/-1->0->1 [21] -1/-1/-1->0->1 [22] -1/-1/-1->0->1 [23] -1/-1/-1->0->1
az-wus2-a100-worker-00030:7342:8283 [0] NCCL INFO Setting affinity for GPU 7 to ffff,0000ffff
az-wus2-a100-worker-00030:7342:8290 [7] NCCL INFO Channel 00 : 7[100000] -> 6[200000] via P2P/direct pointer/read
az-wus2-a100-worker-00030:7342:8286 [3] NCCL INFO Channel 00 : 3[b00000] -> 2[c00000] via P2P/direct pointer/read
az-wus2-a100-worker-00030:7342:8290 [7] NCCL INFO Channel 01 : 7[100000] -> 6[200000] via P2P/direct pointer/read
az-wus2-a100-worker-00030:7342:8286 [3] NCCL INFO Channel 01 : 3[b00000] -> 2[c00000] via P2P/direct pointer/read
az-wus2-a100-worker-00030:7342:8284 [1] NCCL INFO Channel 00 : 1[d00000] -> 0[e00000] via P2P/direct pointer/read
az-wus2-a100-worker-00030:7342:8290 [7] NCCL INFO Channel 02 : 7[100000] -> 6[200000] via P2P/direct pointer/read
az-wus2-a100-worker-00030:7342:8286 [3] NCCL INFO Channel 02 : 3[b00000] -> 2[c00000] via P2P/direct pointer/read
az-wus2-a100-worker-00030:7342:8284 [1] NCCL INFO Channel 01 : 1[d00000] -> 0[e00000] via P2P/direct pointer/read
az-wus2-a100-worker-00030:7342:8290 [7] NCCL INFO Channel 03 : 7[100000] -> 6[200000] via P2P/direct pointer/read
az-wus2-a100-worker-00030:7342:8286 [3] NCCL INFO Channel 03 : 3[b00000] -> 2[c00000] via P2P/direct pointer/read
az-wus2-a100-worker-00030:7342:8284 [1] NCCL INFO Channel 02 : 1[d00000] -> 0[e00000] via P2P/direct pointer/read
az-wus2-a100-worker-00030:7342:8289 [6] NCCL INFO Channel 00 : 6[200000] -> 5[300000] via P2P/direct pointer/read
az-wus2-a100-worker-00030:7342:8288 [5] NCCL INFO Channel 00 : 5[300000] -> 4[400000] via P2P/direct pointer/read
az-wus2-a100-worker-00030:7342:8290 [7] NCCL INFO Channel 04 : 7[100000] -> 6[200000] via P2P/direct pointer/read
az-wus2-a100-worker-00030:7342:8286 [3] NCCL INFO Channel 04 : 3[b00000] -> 2[c00000] via P2P/direct pointer/read
az-wus2-a100-worker-00030:7342:8284 [1] NCCL INFO Channel 03 : 1[d00000] -> 0[e00000] via P2P/direct pointer/read
az-wus2-a100-worker-00030:7342:8289 [6] NCCL INFO Channel 01 : 6[200000] -> 5[300000] via P2P/direct pointer/read
az-wus2-a100-worker-00030:7342:8288 [5] NCCL INFO Channel 01 : 5[300000] -> 4[400000] via P2P/direct pointer/read
az-wus2-a100-worker-00030:7342:8285 [2] NCCL INFO Channel 00 : 2[c00000] -> 1[d00000] via P2P/direct pointer/read
az-wus2-a100-worker-00030:7342:8290 [7] NCCL INFO Channel 05 : 7[100000] -> 6[200000] via P2P/direct pointer/read
az-wus2-a100-worker-00030:7342:8286 [3] NCCL INFO Channel 05 : 3[b00000] -> 2[c00000] via P2P/direct pointer/read
az-wus2-a100-worker-00030:7342:8284 [1] NCCL INFO Channel 04 : 1[d00000] -> 0[e00000] via P2P/direct pointer/read
az-wus2-a100-worker-00030:7342:8289 [6] NCCL INFO Channel 02 : 6[200000] -> 5[300000] via P2P/direct pointer/read
az-wus2-a100-worker-00030:7342:8288 [5] NCCL INFO Channel 02 : 5[300000] -> 4[400000] via P2P/direct pointer/read
az-wus2-a100-worker-00030:7342:8285 [2] NCCL INFO Channel 01 : 2[c00000] -> 1[d00000] via P2P/direct pointer/read
az-wus2-a100-worker-00030:7342:8290 [7] NCCL INFO Channel 06 : 7[100000] -> 6[200000] via P2P/direct pointer/read
az-wus2-a100-worker-00030:7342:8286 [3] NCCL INFO Channel 06 : 3[b00000] -> 2[c00000] via P2P/direct pointer/read
az-wus2-a100-worker-00030:7342:8284 [1] NCCL INFO Channel 05 : 1[d00000] -> 0[e00000] via P2P/direct pointer/read
az-wus2-a100-worker-00030:7342:8289 [6] NCCL INFO Channel 03 : 6[200000] -> 5[300000] via P2P/direct pointer/read
az-wus2-a100-worker-00030:7342:8288 [5] NCCL INFO Channel 03 : 5[300000] -> 4[400000] via P2P/direct pointer/read
az-wus2-a100-worker-00030:7342:8285 [2] NCCL INFO Channel 02 : 2[c00000] -> 1[d00000] via P2P/direct pointer/read
az-wus2-a100-worker-00030:7342:8290 [7] NCCL INFO Channel 07 : 7[100000] -> 6[200000] via P2P/direct pointer/read
az-wus2-a100-worker-00030:7342:8286 [3] NCCL INFO Channel 07 : 3[b00000] -> 2[c00000] via P2P/direct pointer/read
az-wus2-a100-worker-00030:7342:8284 [1] NCCL INFO Channel 06 : 1[d00000] -> 0[e00000] via P2P/direct pointer/read
az-wus2-a100-worker-00030:7342:8289 [6] NCCL INFO Channel 04 : 6[200000] -> 5[300000] via P2P/direct pointer/read
az-wus2-a100-worker-00030:7342:8287 [4] NCCL INFO Channel 00 : 4[400000] -> 3[b00000] via P2P/direct pointer/read
az-wus2-a100-worker-00030:7342:8288 [5] NCCL INFO Channel 04 : 5[300000] -> 4[400000] via P2P/direct pointer/read
az-wus2-a100-worker-00030:7342:8285 [2] NCCL INFO Channel 03 : 2[c00000] -> 1[d00000] via P2P/direct pointer/read
az-wus2-a100-worker-00030:7342:8290 [7] NCCL INFO Channel 08 : 7[100000] -> 6[200000] via P2P/direct pointer/read
az-wus2-a100-worker-00030:7342:8286 [3] NCCL INFO Channel 08 : 3[b00000] -> 2[c00000] via P2P/direct pointer/read
az-wus2-a100-worker-00030:7342:8284 [1] NCCL INFO Channel 07 : 1[d00000] -> 0[e00000] via P2P/direct pointer/read
az-wus2-a100-worker-00030:7342:8289 [6] NCCL INFO Channel 05 : 6[200000] -> 5[300000] via P2P/direct pointer/read
az-wus2-a100-worker-00030:7342:8287 [4] NCCL INFO Channel 01 : 4[400000] -> 3[b00000] via P2P/direct pointer/read
az-wus2-a100-worker-00030:7342:8288 [5] NCCL INFO Channel 05 : 5[300000] -> 4[400000] via P2P/direct pointer/read
az-wus2-a100-worker-00030:7342:8285 [2] NCCL INFO Channel 04 : 2[c00000] -> 1[d00000] via P2P/direct pointer/read
az-wus2-a100-worker-00030:7342:8290 [7] NCCL INFO Channel 09 : 7[100000] -> 6[200000] via P2P/direct pointer/read
az-wus2-a100-worker-00030:7342:8286 [3] NCCL INFO Channel 09 : 3[b00000] -> 2[c00000] via P2P/direct pointer/read
az-wus2-a100-worker-00030:7342:8284 [1] NCCL INFO Channel 08 : 1[d00000] -> 0[e00000] via P2P/direct pointer/read
az-wus2-a100-worker-00030:7342:8289 [6] NCCL INFO Channel 06 : 6[200000] -> 5[300000] via P2P/direct pointer/read
az-wus2-a100-worker-00030:7342:8287 [4] NCCL INFO Channel 02 : 4[400000] -> 3[b00000] via P2P/direct pointer/read
az-wus2-a100-worker-00030:7342:8288 [5] NCCL INFO Channel 06 : 5[300000] -> 4[400000] via P2P/direct pointer/read
az-wus2-a100-worker-00030:7342:8285 [2] NCCL INFO Channel 05 : 2[c00000] -> 1[d00000] via P2P/direct pointer/read
az-wus2-a100-worker-00030:7342:8290 [7] NCCL INFO Channel 10 : 7[100000] -> 6[200000] via P2P/direct pointer/read
az-wus2-a100-worker-00030:7342:8286 [3] NCCL INFO Channel 10 : 3[b00000] -> 2[c00000] via P2P/direct pointer/read
az-wus2-a100-worker-00030:7342:8284 [1] NCCL INFO Channel 09 : 1[d00000] -> 0[e00000] via P2P/direct pointer/read
az-wus2-a100-worker-00030:7342:8289 [6] NCCL INFO Channel 07 : 6[200000] -> 5[300000] via P2P/direct pointer/read
az-wus2-a100-worker-00030:7342:8287 [4] NCCL INFO Channel 03 : 4[400000] -> 3[b00000] via P2P/direct pointer/read
az-wus2-a100-worker-00030:7342:8288 [5] NCCL INFO Channel 07 : 5[300000] -> 4[400000] via P2P/direct pointer/read
az-wus2-a100-worker-00030:7342:8285 [2] NCCL INFO Channel 06 : 2[c00000] -> 1[d00000] via P2P/direct pointer/read
az-wus2-a100-worker-00030:7342:8290 [7] NCCL INFO Channel 11 : 7[100000] -> 6[200000] via P2P/direct pointer/read
az-wus2-a100-worker-00030:7342:8286 [3] NCCL INFO Channel 11 : 3[b00000] -> 2[c00000] via P2P/direct pointer/read
az-wus2-a100-worker-00030:7342:8284 [1] NCCL INFO Channel 10 : 1[d00000] -> 0[e00000] via P2P/direct pointer/read
az-wus2-a100-worker-00030:7342:8289 [6] NCCL INFO Channel 08 : 6[200000] -> 5[300000] via P2P/direct pointer/read
az-wus2-a100-worker-00030:7342:8287 [4] NCCL INFO Channel 04 : 4[400000] -> 3[b00000] via P2P/direct pointer/read
az-wus2-a100-worker-00030:7342:8288 [5] NCCL INFO Channel 08 : 5[300000] -> 4[400000] via P2P/direct pointer/read
az-wus2-a100-worker-00030:7342:8285 [2] NCCL INFO Channel 07 : 2[c00000] -> 1[d00000] via P2P/direct pointer/read
az-wus2-a100-worker-00030:7342:8290 [7] NCCL INFO Channel 12 : 7[100000] -> 6[200000] via P2P/direct pointer/read
az-wus2-a100-worker-00030:7342:8286 [3] NCCL INFO Channel 12 : 3[b00000] -> 2[c00000] via P2P/direct pointer/read
az-wus2-a100-worker-00030:7342:8284 [1] NCCL INFO Channel 11 : 1[d00000] -> 0[e00000] via P2P/direct pointer/read
az-wus2-a100-worker-00030:7342:8289 [6] NCCL INFO Channel 09 : 6[200000] -> 5[300000] via P2P/direct pointer/read
az-wus2-a100-worker-00030:7342:8287 [4] NCCL INFO Channel 05 : 4[400000] -> 3[b00000] via P2P/direct pointer/read
az-wus2-a100-worker-00030:7342:8283 [0] NCCL INFO Channel 00 : 0[e00000] -> 7[100000] via P2P/direct pointer/read
az-wus2-a100-worker-00030:7342:8288 [5] NCCL INFO Channel 09 : 5[300000] -> 4[400000] via P2P/direct pointer/read
az-wus2-a100-worker-00030:7342:8285 [2] NCCL INFO Channel 08 : 2[c00000] -> 1[d00000] via P2P/direct pointer/read
az-wus2-a100-worker-00030:7342:8290 [7] NCCL INFO Channel 13 : 7[100000] -> 6[200000] via P2P/direct pointer/read
az-wus2-a100-worker-00030:7342:8286 [3] NCCL INFO Channel 13 : 3[b00000] -> 2[c00000] via P2P/direct pointer/read
az-wus2-a100-worker-00030:7342:8284 [1] NCCL INFO Channel 12 : 1[d00000] -> 0[e00000] via P2P/direct pointer/read
az-wus2-a100-worker-00030:7342:8289 [6] NCCL INFO Channel 10 : 6[200000] -> 5[300000] via P2P/direct pointer/read
az-wus2-a100-worker-00030:7342:8287 [4] NCCL INFO Channel 06 : 4[400000] -> 3[b00000] via P2P/direct pointer/read
az-wus2-a100-worker-00030:7342:8283 [0] NCCL INFO Channel 01 : 0[e00000] -> 7[100000] via P2P/direct pointer/read
az-wus2-a100-worker-00030:7342:8288 [5] NCCL INFO Channel 10 : 5[300000] -> 4[400000] via P2P/direct pointer/read
az-wus2-a100-worker-00030:7342:8285 [2] NCCL INFO Channel 09 : 2[c00000] -> 1[d00000] via P2P/direct pointer/read
az-wus2-a100-worker-00030:7342:8290 [7] NCCL INFO Channel 14 : 7[100000] -> 6[200000] via P2P/direct pointer/read
az-wus2-a100-worker-00030:7342:8286 [3] NCCL INFO Channel 14 : 3[b00000] -> 2[c00000] via P2P/direct pointer/read
az-wus2-a100-worker-00030:7342:8284 [1] NCCL INFO Channel 13 : 1[d00000] -> 0[e00000] via P2P/direct pointer/read
az-wus2-a100-worker-00030:7342:8289 [6] NCCL INFO Channel 11 : 6[200000] -> 5[300000] via P2P/direct pointer/read
az-wus2-a100-worker-00030:7342:8287 [4] NCCL INFO Channel 07 : 4[400000] -> 3[b00000] via P2P/direct pointer/read
az-wus2-a100-worker-00030:7342:8283 [0] NCCL INFO Channel 02 : 0[e00000] -> 7[100000] via P2P/direct pointer/read
az-wus2-a100-worker-00030:7342:8288 [5] NCCL INFO Channel 11 : 5[300000] -> 4[400000] via P2P/direct pointer/read
az-wus2-a100-worker-00030:7342:8285 [2] NCCL INFO Channel 10 : 2[c00000] -> 1[d00000] via P2P/direct pointer/read
az-wus2-a100-worker-00030:7342:8290 [7] NCCL INFO Channel 15 : 7[100000] -> 6[200000] via P2P/direct pointer/read
az-wus2-a100-worker-00030:7342:8286 [3] NCCL INFO Channel 15 : 3[b00000] -> 2[c00000] via P2P/direct pointer/read
az-wus2-a100-worker-00030:7342:8284 [1] NCCL INFO Channel 14 : 1[d00000] -> 0[e00000] via P2P/direct pointer/read
az-wus2-a100-worker-00030:7342:8289 [6] NCCL INFO Channel 12 : 6[200000] -> 5[300000] via P2P/direct pointer/read
az-wus2-a100-worker-00030:7342:8287 [4] NCCL INFO Channel 08 : 4[400000] -> 3[b00000] via P2P/direct pointer/read
az-wus2-a100-worker-00030:7342:8283 [0] NCCL INFO Channel 03 : 0[e00000] -> 7[100000] via P2P/direct pointer/read
az-wus2-a100-worker-00030:7342:8288 [5] NCCL INFO Channel 12 : 5[300000] -> 4[400000] via P2P/direct pointer/read
az-wus2-a100-worker-00030:7342:8285 [2] NCCL INFO Channel 11 : 2[c00000] -> 1[d00000] via P2P/direct pointer/read
az-wus2-a100-worker-00030:7342:8290 [7] NCCL INFO Channel 16 : 7[100000] -> 6[200000] via P2P/direct pointer/read
az-wus2-a100-worker-00030:7342:8286 [3] NCCL INFO Channel 16 : 3[b00000] -> 2[c00000] via P2P/direct pointer/read
az-wus2-a100-worker-00030:7342:8284 [1] NCCL INFO Channel 15 : 1[d00000] -> 0[e00000] via P2P/direct pointer/read
az-wus2-a100-worker-00030:7342:8289 [6] NCCL INFO Channel 13 : 6[200000] -> 5[300000] via P2P/direct pointer/read
az-wus2-a100-worker-00030:7342:8287 [4] NCCL INFO Channel 09 : 4[400000] -> 3[b00000] via P2P/direct pointer/read
az-wus2-a100-worker-00030:7342:8283 [0] NCCL INFO Channel 04 : 0[e00000] -> 7[100000] via P2P/direct pointer/read
az-wus2-a100-worker-00030:7342:8288 [5] NCCL INFO Channel 13 : 5[300000] -> 4[400000] via P2P/direct pointer/read
az-wus2-a100-worker-00030:7342:8285 [2] NCCL INFO Channel 12 : 2[c00000] -> 1[d00000] via P2P/direct pointer/read
az-wus2-a100-worker-00030:7342:8290 [7] NCCL INFO Channel 17 : 7[100000] -> 6[200000] via P2P/direct pointer/read
az-wus2-a100-worker-00030:7342:8286 [3] NCCL INFO Channel 17 : 3[b00000] -> 2[c00000] via P2P/direct pointer/read
az-wus2-a100-worker-00030:7342:8284 [1] NCCL INFO Channel 16 : 1[d00000] -> 0[e00000] via P2P/direct pointer/read
az-wus2-a100-worker-00030:7342:8289 [6] NCCL INFO Channel 14 : 6[200000] -> 5[300000] via P2P/direct pointer/read
az-wus2-a100-worker-00030:7342:8287 [4] NCCL INFO Channel 10 : 4[400000] -> 3[b00000] via P2P/direct pointer/read
az-wus2-a100-worker-00030:7342:8283 [0] NCCL INFO Channel 05 : 0[e00000] -> 7[100000] via P2P/direct pointer/read
az-wus2-a100-worker-00030:7342:8288 [5] NCCL INFO Channel 14 : 5[300000] -> 4[400000] via P2P/direct pointer/read
az-wus2-a100-worker-00030:7342:8285 [2] NCCL INFO Channel 13 : 2[c00000] -> 1[d00000] via P2P/direct pointer/read
az-wus2-a100-worker-00030:7342:8290 [7] NCCL INFO Channel 18 : 7[100000] -> 6[200000] via P2P/direct pointer/read
az-wus2-a100-worker-00030:7342:8286 [3] NCCL INFO Channel 18 : 3[b00000] -> 2[c00000] via P2P/direct pointer/read
az-wus2-a100-worker-00030:7342:8284 [1] NCCL INFO Channel 17 : 1[d00000] -> 0[e00000] via P2P/direct pointer/read
az-wus2-a100-worker-00030:7342:8289 [6] NCCL INFO Channel 15 : 6[200000] -> 5[300000] via P2P/direct pointer/read
az-wus2-a100-worker-00030:7342:8287 [4] NCCL INFO Channel 11 : 4[400000] -> 3[b00000] via P2P/direct pointer/read
az-wus2-a100-worker-00030:7342:8283 [0] NCCL INFO Channel 06 : 0[e00000] -> 7[100000] via P2P/direct pointer/read
az-wus2-a100-worker-00030:7342:8288 [5] NCCL INFO Channel 15 : 5[300000] -> 4[400000] via P2P/direct pointer/read
az-wus2-a100-worker-00030:7342:8285 [2] NCCL INFO Channel 14 : 2[c00000] -> 1[d00000] via P2P/direct pointer/read
az-wus2-a100-worker-00030:7342:8290 [7] NCCL INFO Channel 19 : 7[100000] -> 6[200000] via P2P/direct pointer/read
az-wus2-a100-worker-00030:7342:8286 [3] NCCL INFO Channel 19 : 3[b00000] -> 2[c00000] via P2P/direct pointer/read
az-wus2-a100-worker-00030:7342:8284 [1] NCCL INFO Channel 18 : 1[d00000] -> 0[e00000] via P2P/direct pointer/read
az-wus2-a100-worker-00030:7342:8289 [6] NCCL INFO Channel 16 : 6[200000] -> 5[300000] via P2P/direct pointer/read
az-wus2-a100-worker-00030:7342:8287 [4] NCCL INFO Channel 12 : 4[400000] -> 3[b00000] via P2P/direct pointer/read
az-wus2-a100-worker-00030:7342:8283 [0] NCCL INFO Channel 07 : 0[e00000] -> 7[100000] via P2P/direct pointer/read
az-wus2-a100-worker-00030:7342:8288 [5] NCCL INFO Channel 16 : 5[300000] -> 4[400000] via P2P/direct pointer/read
az-wus2-a100-worker-00030:7342:8285 [2] NCCL INFO Channel 15 : 2[c00000] -> 1[d00000] via P2P/direct pointer/read
az-wus2-a100-worker-00030:7342:8290 [7] NCCL INFO Channel 20 : 7[100000] -> 6[200000] via P2P/direct pointer/read
az-wus2-a100-worker-00030:7342:8286 [3] NCCL INFO Channel 20 : 3[b00000] -> 2[c00000] via P2P/direct pointer/read
az-wus2-a100-worker-00030:7342:8284 [1] NCCL INFO Channel 19 : 1[d00000] -> 0[e00000] via P2P/direct pointer/read
az-wus2-a100-worker-00030:7342:8289 [6] NCCL INFO Channel 17 : 6[200000] -> 5[300000] via P2P/direct pointer/read
az-wus2-a100-worker-00030:7342:8287 [4] NCCL INFO Channel 13 : 4[400000] -> 3[b00000] via P2P/direct pointer/read
az-wus2-a100-worker-00030:7342:8283 [0] NCCL INFO Channel 08 : 0[e00000] -> 7[100000] via P2P/direct pointer/read
az-wus2-a100-worker-00030:7342:8288 [5] NCCL INFO Channel 17 : 5[300000] -> 4[400000] via P2P/direct pointer/read
az-wus2-a100-worker-00030:7342:8285 [2] NCCL INFO Channel 16 : 2[c00000] -> 1[d00000] via P2P/direct pointer/read
az-wus2-a100-worker-00030:7342:8290 [7] NCCL INFO Channel 21 : 7[100000] -> 6[200000] via P2P/direct pointer/read
az-wus2-a100-worker-00030:7342:8286 [3] NCCL INFO Channel 21 : 3[b00000] -> 2[c00000] via P2P/direct pointer/read
az-wus2-a100-worker-00030:7342:8284 [1] NCCL INFO Channel 20 : 1[d00000] -> 0[e00000] via P2P/direct pointer/read
az-wus2-a100-worker-00030:7342:8289 [6] NCCL INFO Channel 18 : 6[200000] -> 5[300000] via P2P/direct pointer/read
az-wus2-a100-worker-00030:7342:8287 [4] NCCL INFO Channel 14 : 4[400000] -> 3[b00000] via P2P/direct pointer/read
az-wus2-a100-worker-00030:7342:8283 [0] NCCL INFO Channel 09 : 0[e00000] -> 7[100000] via P2P/direct pointer/read
az-wus2-a100-worker-00030:7342:8288 [5] NCCL INFO Channel 18 : 5[300000] -> 4[400000] via P2P/direct pointer/read
az-wus2-a100-worker-00030:7342:8285 [2] NCCL INFO Channel 17 : 2[c00000] -> 1[d00000] via P2P/direct pointer/read
az-wus2-a100-worker-00030:7342:8290 [7] NCCL INFO Channel 22 : 7[100000] -> 6[200000] via P2P/direct pointer/read
az-wus2-a100-worker-00030:7342:8286 [3] NCCL INFO Channel 22 : 3[b00000] -> 2[c00000] via P2P/direct pointer/read
az-wus2-a100-worker-00030:7342:8284 [1] NCCL INFO Channel 21 : 1[d00000] -> 0[e00000] via P2P/direct pointer/read
az-wus2-a100-worker-00030:7342:8289 [6] NCCL INFO Channel 19 : 6[200000] -> 5[300000] via P2P/direct pointer/read
az-wus2-a100-worker-00030:7342:8287 [4] NCCL INFO Channel 15 : 4[400000] -> 3[b00000] via P2P/direct pointer/read
az-wus2-a100-worker-00030:7342:8283 [0] NCCL INFO Channel 10 : 0[e00000] -> 7[100000] via P2P/direct pointer/read
az-wus2-a100-worker-00030:7342:8288 [5] NCCL INFO Channel 19 : 5[300000] -> 4[400000] via P2P/direct pointer/read
az-wus2-a100-worker-00030:7342:8285 [2] NCCL INFO Channel 18 : 2[c00000] -> 1[d00000] via P2P/direct pointer/read
az-wus2-a100-worker-00030:7342:8290 [7] NCCL INFO Channel 23 : 7[100000] -> 6[200000] via P2P/direct pointer/read
az-wus2-a100-worker-00030:7342:8286 [3] NCCL INFO Channel 23 : 3[b00000] -> 2[c00000] via P2P/direct pointer/read
az-wus2-a100-worker-00030:7342:8284 [1] NCCL INFO Channel 22 : 1[d00000] -> 0[e00000] via P2P/direct pointer/read
az-wus2-a100-worker-00030:7342:8289 [6] NCCL INFO Channel 20 : 6[200000] -> 5[300000] via P2P/direct pointer/read
az-wus2-a100-worker-00030:7342:8287 [4] NCCL INFO Channel 16 : 4[400000] -> 3[b00000] via P2P/direct pointer/read
az-wus2-a100-worker-00030:7342:8283 [0] NCCL INFO Channel 11 : 0[e00000] -> 7[100000] via P2P/direct pointer/read
az-wus2-a100-worker-00030:7342:8288 [5] NCCL INFO Channel 20 : 5[300000] -> 4[400000] via P2P/direct pointer/read
az-wus2-a100-worker-00030:7342:8285 [2] NCCL INFO Channel 19 : 2[c00000] -> 1[d00000] via P2P/direct pointer/read
az-wus2-a100-worker-00030:7342:8284 [1] NCCL INFO Channel 23 : 1[d00000] -> 0[e00000] via P2P/direct pointer/read
az-wus2-a100-worker-00030:7342:8289 [6] NCCL INFO Channel 21 : 6[200000] -> 5[300000] via P2P/direct pointer/read
az-wus2-a100-worker-00030:7342:8287 [4] NCCL INFO Channel 17 : 4[400000] -> 3[b00000] via P2P/direct pointer/read
az-wus2-a100-worker-00030:7342:8283 [0] NCCL INFO Channel 12 : 0[e00000] -> 7[100000] via P2P/direct pointer/read
az-wus2-a100-worker-00030:7342:8288 [5] NCCL INFO Channel 21 : 5[300000] -> 4[400000] via P2P/direct pointer/read
az-wus2-a100-worker-00030:7342:8285 [2] NCCL INFO Channel 20 : 2[c00000] -> 1[d00000] via P2P/direct pointer/read
az-wus2-a100-worker-00030:7342:8289 [6] NCCL INFO Channel 22 : 6[200000] -> 5[300000] via P2P/direct pointer/read
az-wus2-a100-worker-00030:7342:8287 [4] NCCL INFO Channel 18 : 4[400000] -> 3[b00000] via P2P/direct pointer/read
az-wus2-a100-worker-00030:7342:8283 [0] NCCL INFO Channel 13 : 0[e00000] -> 7[100000] via P2P/direct pointer/read
az-wus2-a100-worker-00030:7342:8288 [5] NCCL INFO Channel 22 : 5[300000] -> 4[400000] via P2P/direct pointer/read
az-wus2-a100-worker-00030:7342:8285 [2] NCCL INFO Channel 21 : 2[c00000] -> 1[d00000] via P2P/direct pointer/read
az-wus2-a100-worker-00030:7342:8289 [6] NCCL INFO Channel 23 : 6[200000] -> 5[300000] via P2P/direct pointer/read
az-wus2-a100-worker-00030:7342:8287 [4] NCCL INFO Channel 19 : 4[400000] -> 3[b00000] via P2P/direct pointer/read
az-wus2-a100-worker-00030:7342:8283 [0] NCCL INFO Channel 14 : 0[e00000] -> 7[100000] via P2P/direct pointer/read
az-wus2-a100-worker-00030:7342:8288 [5] NCCL INFO Channel 23 : 5[300000] -> 4[400000] via P2P/direct pointer/read
az-wus2-a100-worker-00030:7342:8285 [2] NCCL INFO Channel 22 : 2[c00000] -> 1[d00000] via P2P/direct pointer/read
az-wus2-a100-worker-00030:7342:8287 [4] NCCL INFO Channel 20 : 4[400000] -> 3[b00000] via P2P/direct pointer/read
az-wus2-a100-worker-00030:7342:8283 [0] NCCL INFO Channel 15 : 0[e00000] -> 7[100000] via P2P/direct pointer/read
az-wus2-a100-worker-00030:7342:8285 [2] NCCL INFO Channel 23 : 2[c00000] -> 1[d00000] via P2P/direct pointer/read
az-wus2-a100-worker-00030:7342:8287 [4] NCCL INFO Channel 21 : 4[400000] -> 3[b00000] via P2P/direct pointer/read
az-wus2-a100-worker-00030:7342:8283 [0] NCCL INFO Channel 16 : 0[e00000] -> 7[100000] via P2P/direct pointer/read
az-wus2-a100-worker-00030:7342:8289 [6] NCCL INFO Connected all rings
az-wus2-a100-worker-00030:7342:8287 [4] NCCL INFO Channel 22 : 4[400000] -> 3[b00000] via P2P/direct pointer/read
az-wus2-a100-worker-00030:7342:8283 [0] NCCL INFO Channel 17 : 0[e00000] -> 7[100000] via P2P/direct pointer/read
az-wus2-a100-worker-00030:7342:8285 [2] NCCL INFO Connected all rings
az-wus2-a100-worker-00030:7342:8287 [4] NCCL INFO Channel 23 : 4[400000] -> 3[b00000] via P2P/direct pointer/read
az-wus2-a100-worker-00030:7342:8283 [0] NCCL INFO Channel 18 : 0[e00000] -> 7[100000] via P2P/direct pointer/read
az-wus2-a100-worker-00030:7342:8283 [0] NCCL INFO Channel 19 : 0[e00000] -> 7[100000] via P2P/direct pointer/read
az-wus2-a100-worker-00030:7342:8283 [0] NCCL INFO Channel 20 : 0[e00000] -> 7[100000] via P2P/direct pointer/read
az-wus2-a100-worker-00030:7342:8283 [0] NCCL INFO Channel 21 : 0[e00000] -> 7[100000] via P2P/direct pointer/read
az-wus2-a100-worker-00030:7342:8283 [0] NCCL INFO Channel 22 : 0[e00000] -> 7[100000] via P2P/direct pointer/read
az-wus2-a100-worker-00030:7342:8283 [0] NCCL INFO Channel 23 : 0[e00000] -> 7[100000] via P2P/direct pointer/read
az-wus2-a100-worker-00030:7342:8286 [3] NCCL INFO Connected all rings
az-wus2-a100-worker-00030:7342:8287 [4] NCCL INFO Connected all rings
az-wus2-a100-worker-00030:7342:8283 [0] NCCL INFO Connected all rings
az-wus2-a100-worker-00030:7342:8284 [1] NCCL INFO Connected all rings
az-wus2-a100-worker-00030:7342:8283 [0] NCCL INFO Channel 00 : 0[e00000] -> 1[d00000] via P2P/direct pointer/read
az-wus2-a100-worker-00030:7342:8283 [0] NCCL INFO Channel 01 : 0[e00000] -> 1[d00000] via P2P/direct pointer/read
az-wus2-a100-worker-00030:7342:8283 [0] NCCL INFO Channel 02 : 0[e00000] -> 1[d00000] via P2P/direct pointer/read
az-wus2-a100-worker-00030:7342:8283 [0] NCCL INFO Channel 03 : 0[e00000] -> 1[d00000] via P2P/direct pointer/read
az-wus2-a100-worker-00030:7342:8283 [0] NCCL INFO Channel 04 : 0[e00000] -> 1[d00000] via P2P/direct pointer/read
az-wus2-a100-worker-00030:7342:8288 [5] NCCL INFO Connected all rings
az-wus2-a100-worker-00030:7342:8283 [0] NCCL INFO Channel 05 : 0[e00000] -> 1[d00000] via P2P/direct pointer/read
az-wus2-a100-worker-00030:7342:8283 [0] NCCL INFO Channel 06 : 0[e00000] -> 1[d00000] via P2P/direct pointer/read
az-wus2-a100-worker-00030:7342:8283 [0] NCCL INFO Channel 07 : 0[e00000] -> 1[d00000] via P2P/direct pointer/read
az-wus2-a100-worker-00030:7342:8283 [0] NCCL INFO Channel 08 : 0[e00000] -> 1[d00000] via P2P/direct pointer/read
az-wus2-a100-worker-00030:7342:8283 [0] NCCL INFO Channel 09 : 0[e00000] -> 1[d00000] via P2P/direct pointer/read
az-wus2-a100-worker-00030:7342:8283 [0] NCCL INFO Channel 10 : 0[e00000] -> 1[d00000] via P2P/direct pointer/read
az-wus2-a100-worker-00030:7342:8283 [0] NCCL INFO Channel 11 : 0[e00000] -> 1[d00000] via P2P/direct pointer/read
az-wus2-a100-worker-00030:7342:8283 [0] NCCL INFO Channel 12 : 0[e00000] -> 1[d00000] via P2P/direct pointer/read
az-wus2-a100-worker-00030:7342:8283 [0] NCCL INFO Channel 13 : 0[e00000] -> 1[d00000] via P2P/direct pointer/read
az-wus2-a100-worker-00030:7342:8283 [0] NCCL INFO Channel 14 : 0[e00000] -> 1[d00000] via P2P/direct pointer/read
az-wus2-a100-worker-00030:7342:8289 [6] NCCL INFO Channel 00 : 6[200000] -> 7[100000] via P2P/direct pointer/read
az-wus2-a100-worker-00030:7342:8283 [0] NCCL INFO Channel 15 : 0[e00000] -> 1[d00000] via P2P/direct pointer/read
az-wus2-a100-worker-00030:7342:8289 [6] NCCL INFO Channel 01 : 6[200000] -> 7[100000] via P2P/direct pointer/read
az-wus2-a100-worker-00030:7342:8290 [7] NCCL INFO Connected all rings
az-wus2-a100-worker-00030:7342:8283 [0] NCCL INFO Channel 16 : 0[e00000] -> 1[d00000] via P2P/direct pointer/read
az-wus2-a100-worker-00030:7342:8285 [2] NCCL INFO Channel 00 : 2[c00000] -> 3[b00000] via P2P/direct pointer/read
az-wus2-a100-worker-00030:7342:8289 [6] NCCL INFO Channel 02 : 6[200000] -> 7[100000] via P2P/direct pointer/read
az-wus2-a100-worker-00030:7342:8283 [0] NCCL INFO Channel 17 : 0[e00000] -> 1[d00000] via P2P/direct pointer/read
az-wus2-a100-worker-00030:7342:8285 [2] NCCL INFO Channel 01 : 2[c00000] -> 3[b00000] via P2P/direct pointer/read
az-wus2-a100-worker-00030:7342:8289 [6] NCCL INFO Channel 03 : 6[200000] -> 7[100000] via P2P/direct pointer/read
az-wus2-a100-worker-00030:7342:8283 [0] NCCL INFO Channel 18 : 0[e00000] -> 1[d00000] via P2P/direct pointer/read
az-wus2-a100-worker-00030:7342:8285 [2] NCCL INFO Channel 02 : 2[c00000] -> 3[b00000] via P2P/direct pointer/read
az-wus2-a100-worker-00030:7342:8289 [6] NCCL INFO Channel 04 : 6[200000] -> 7[100000] via P2P/direct pointer/read
az-wus2-a100-worker-00030:7342:8283 [0] NCCL INFO Channel 19 : 0[e00000] -> 1[d00000] via P2P/direct pointer/read
az-wus2-a100-worker-00030:7342:8285 [2] NCCL INFO Channel 03 : 2[c00000] -> 3[b00000] via P2P/direct pointer/read
az-wus2-a100-worker-00030:7342:8289 [6] NCCL INFO Channel 05 : 6[200000] -> 7[100000] via P2P/direct pointer/read
az-wus2-a100-worker-00030:7342:8283 [0] NCCL INFO Channel 20 : 0[e00000] -> 1[d00000] via P2P/direct pointer/read
az-wus2-a100-worker-00030:7342:8285 [2] NCCL INFO Channel 04 : 2[c00000] -> 3[b00000] via P2P/direct pointer/read
az-wus2-a100-worker-00030:7342:8289 [6] NCCL INFO Channel 06 : 6[200000] -> 7[100000] via P2P/direct pointer/read
az-wus2-a100-worker-00030:7342:8283 [0] NCCL INFO Channel 21 : 0[e00000] -> 1[d00000] via P2P/direct pointer/read
az-wus2-a100-worker-00030:7342:8285 [2] NCCL INFO Channel 05 : 2[c00000] -> 3[b00000] via P2P/direct pointer/read
az-wus2-a100-worker-00030:7342:8289 [6] NCCL INFO Channel 07 : 6[200000] -> 7[100000] via P2P/direct pointer/read
az-wus2-a100-worker-00030:7342:8283 [0] NCCL INFO Channel 22 : 0[e00000] -> 1[d00000] via P2P/direct pointer/read
az-wus2-a100-worker-00030:7342:8285 [2] NCCL INFO Channel 06 : 2[c00000] -> 3[b00000] via P2P/direct pointer/read
az-wus2-a100-worker-00030:7342:8289 [6] NCCL INFO Channel 08 : 6[200000] -> 7[100000] via P2P/direct pointer/read
az-wus2-a100-worker-00030:7342:8286 [3] NCCL INFO Channel 00 : 3[b00000] -> 4[400000] via P2P/direct pointer/read
az-wus2-a100-worker-00030:7342:8287 [4] NCCL INFO Channel 00 : 4[400000] -> 5[300000] via P2P/direct pointer/read
az-wus2-a100-worker-00030:7342:8283 [0] NCCL INFO Channel 23 : 0[e00000] -> 1[d00000] via P2P/direct pointer/read
az-wus2-a100-worker-00030:7342:8285 [2] NCCL INFO Channel 07 : 2[c00000] -> 3[b00000] via P2P/direct pointer/read
az-wus2-a100-worker-00030:7342:8289 [6] NCCL INFO Channel 09 : 6[200000] -> 7[100000] via P2P/direct pointer/read
az-wus2-a100-worker-00030:7342:8286 [3] NCCL INFO Channel 01 : 3[b00000] -> 4[400000] via P2P/direct pointer/read
az-wus2-a100-worker-00030:7342:8287 [4] NCCL INFO Channel 01 : 4[400000] -> 5[300000] via P2P/direct pointer/read
az-wus2-a100-worker-00030:7342:8285 [2] NCCL INFO Channel 08 : 2[c00000] -> 3[b00000] via P2P/direct pointer/read
az-wus2-a100-worker-00030:7342:8289 [6] NCCL INFO Channel 10 : 6[200000] -> 7[100000] via P2P/direct pointer/read
az-wus2-a100-worker-00030:7342:8286 [3] NCCL INFO Channel 02 : 3[b00000] -> 4[400000] via P2P/direct pointer/read
az-wus2-a100-worker-00030:7342:8284 [1] NCCL INFO Channel 00 : 1[d00000] -> 2[c00000] via P2P/direct pointer/read
az-wus2-a100-worker-00030:7342:8287 [4] NCCL INFO Channel 02 : 4[400000] -> 5[300000] via P2P/direct pointer/read
az-wus2-a100-worker-00030:7342:8285 [2] NCCL INFO Channel 09 : 2[c00000] -> 3[b00000] via P2P/direct pointer/read
az-wus2-a100-worker-00030:7342:8289 [6] NCCL INFO Channel 11 : 6[200000] -> 7[100000] via P2P/direct pointer/read
az-wus2-a100-worker-00030:7342:8286 [3] NCCL INFO Channel 03 : 3[b00000] -> 4[400000] via P2P/direct pointer/read
az-wus2-a100-worker-00030:7342:8284 [1] NCCL INFO Channel 01 : 1[d00000] -> 2[c00000] via P2P/direct pointer/read
az-wus2-a100-worker-00030:7342:8287 [4] NCCL INFO Channel 03 : 4[400000] -> 5[300000] via P2P/direct pointer/read
az-wus2-a100-worker-00030:7342:8285 [2] NCCL INFO Channel 10 : 2[c00000] -> 3[b00000] via P2P/direct pointer/read
az-wus2-a100-worker-00030:7342:8289 [6] NCCL INFO Channel 12 : 6[200000] -> 7[100000] via P2P/direct pointer/read
az-wus2-a100-worker-00030:7342:8286 [3] NCCL INFO Channel 04 : 3[b00000] -> 4[400000] via P2P/direct pointer/read
az-wus2-a100-worker-00030:7342:8284 [1] NCCL INFO Channel 02 : 1[d00000] -> 2[c00000] via P2P/direct pointer/read
az-wus2-a100-worker-00030:7342:8287 [4] NCCL INFO Channel 04 : 4[400000] -> 5[300000] via P2P/direct pointer/read
az-wus2-a100-worker-00030:7342:8285 [2] NCCL INFO Channel 11 : 2[c00000] -> 3[b00000] via P2P/direct pointer/read
az-wus2-a100-worker-00030:7342:8289 [6] NCCL INFO Channel 13 : 6[200000] -> 7[100000] via P2P/direct pointer/read
az-wus2-a100-worker-00030:7342:8286 [3] NCCL INFO Channel 05 : 3[b00000] -> 4[400000] via P2P/direct pointer/read
az-wus2-a100-worker-00030:7342:8284 [1] NCCL INFO Channel 03 : 1[d00000] -> 2[c00000] via P2P/direct pointer/read
az-wus2-a100-worker-00030:7342:8287 [4] NCCL INFO Channel 05 : 4[400000] -> 5[300000] via P2P/direct pointer/read
az-wus2-a100-worker-00030:7342:8285 [2] NCCL INFO Channel 12 : 2[c00000] -> 3[b00000] via P2P/direct pointer/read
az-wus2-a100-worker-00030:7342:8289 [6] NCCL INFO Channel 14 : 6[200000] -> 7[100000] via P2P/direct pointer/read
az-wus2-a100-worker-00030:7342:8286 [3] NCCL INFO Channel 06 : 3[b00000] -> 4[400000] via P2P/direct pointer/read
az-wus2-a100-worker-00030:7342:8284 [1] NCCL INFO Channel 04 : 1[d00000] -> 2[c00000] via P2P/direct pointer/read
az-wus2-a100-worker-00030:7342:8287 [4] NCCL INFO Channel 06 : 4[400000] -> 5[300000] via P2P/direct pointer/read
az-wus2-a100-worker-00030:7342:8285 [2] NCCL INFO Channel 13 : 2[c00000] -> 3[b00000] via P2P/direct pointer/read
az-wus2-a100-worker-00030:7342:8288 [5] NCCL INFO Channel 00 : 5[300000] -> 6[200000] via P2P/direct pointer/read
az-wus2-a100-worker-00030:7342:8289 [6] NCCL INFO Channel 15 : 6[200000] -> 7[100000] via P2P/direct pointer/read
az-wus2-a100-worker-00030:7342:8286 [3] NCCL INFO Channel 07 : 3[b00000] -> 4[400000] via P2P/direct pointer/read
az-wus2-a100-worker-00030:7342:8284 [1] NCCL INFO Channel 05 : 1[d00000] -> 2[c00000] via P2P/direct pointer/read
az-wus2-a100-worker-00030:7342:8287 [4] NCCL INFO Channel 07 : 4[400000] -> 5[300000] via P2P/direct pointer/read
az-wus2-a100-worker-00030:7342:8285 [2] NCCL INFO Channel 14 : 2[c00000] -> 3[b00000] via P2P/direct pointer/read
az-wus2-a100-worker-00030:7342:8288 [5] NCCL INFO Channel 01 : 5[300000] -> 6[200000] via P2P/direct pointer/read
az-wus2-a100-worker-00030:7342:8289 [6] NCCL INFO Channel 16 : 6[200000] -> 7[100000] via P2P/direct pointer/read
az-wus2-a100-worker-00030:7342:8286 [3] NCCL INFO Channel 08 : 3[b00000] -> 4[400000] via P2P/direct pointer/read
az-wus2-a100-worker-00030:7342:8284 [1] NCCL INFO Channel 06 : 1[d00000] -> 2[c00000] via P2P/direct pointer/read
az-wus2-a100-worker-00030:7342:8287 [4] NCCL INFO Channel 08 : 4[400000] -> 5[300000] via P2P/direct pointer/read
az-wus2-a100-worker-00030:7342:8285 [2] NCCL INFO Channel 15 : 2[c00000] -> 3[b00000] via P2P/direct pointer/read
az-wus2-a100-worker-00030:7342:8288 [5] NCCL INFO Channel 02 : 5[300000] -> 6[200000] via P2P/direct pointer/read
az-wus2-a100-worker-00030:7342:8289 [6] NCCL INFO Channel 17 : 6[200000] -> 7[100000] via P2P/direct pointer/read
az-wus2-a100-worker-00030:7342:8286 [3] NCCL INFO Channel 09 : 3[b00000] -> 4[400000] via P2P/direct pointer/read
az-wus2-a100-worker-00030:7342:8284 [1] NCCL INFO Channel 07 : 1[d00000] -> 2[c00000] via P2P/direct pointer/read
az-wus2-a100-worker-00030:7342:8287 [4] NCCL INFO Channel 09 : 4[400000] -> 5[300000] via P2P/direct pointer/read
az-wus2-a100-worker-00030:7342:8285 [2] NCCL INFO Channel 16 : 2[c00000] -> 3[b00000] via P2P/direct pointer/read
az-wus2-a100-worker-00030:7342:8288 [5] NCCL INFO Channel 03 : 5[300000] -> 6[200000] via P2P/direct pointer/read
az-wus2-a100-worker-00030:7342:8289 [6] NCCL INFO Channel 18 : 6[200000] -> 7[100000] via P2P/direct pointer/read
az-wus2-a100-worker-00030:7342:8286 [3] NCCL INFO Channel 10 : 3[b00000] -> 4[400000] via P2P/direct pointer/read
az-wus2-a100-worker-00030:7342:8284 [1] NCCL INFO Channel 08 : 1[d00000] -> 2[c00000] via P2P/direct pointer/read
az-wus2-a100-worker-00030:7342:8287 [4] NCCL INFO Channel 10 : 4[400000] -> 5[300000] via P2P/direct pointer/read
az-wus2-a100-worker-00030:7342:8285 [2] NCCL INFO Channel 17 : 2[c00000] -> 3[b00000] via P2P/direct pointer/read
az-wus2-a100-worker-00030:7342:8288 [5] NCCL INFO Channel 04 : 5[300000] -> 6[200000] via P2P/direct pointer/read
az-wus2-a100-worker-00030:7342:8289 [6] NCCL INFO Channel 19 : 6[200000] -> 7[100000] via P2P/direct pointer/read
az-wus2-a100-worker-00030:7342:8286 [3] NCCL INFO Channel 11 : 3[b00000] -> 4[400000] via P2P/direct pointer/read
az-wus2-a100-worker-00030:7342:8284 [1] NCCL INFO Channel 09 : 1[d00000] -> 2[c00000] via P2P/direct pointer/read
az-wus2-a100-worker-00030:7342:8287 [4] NCCL INFO Channel 11 : 4[400000] -> 5[300000] via P2P/direct pointer/read
az-wus2-a100-worker-00030:7342:8285 [2] NCCL INFO Channel 18 : 2[c00000] -> 3[b00000] via P2P/direct pointer/read
az-wus2-a100-worker-00030:7342:8288 [5] NCCL INFO Channel 05 : 5[300000] -> 6[200000] via P2P/direct pointer/read
az-wus2-a100-worker-00030:7342:8289 [6] NCCL INFO Channel 20 : 6[200000] -> 7[100000] via P2P/direct pointer/read
az-wus2-a100-worker-00030:7342:8286 [3] NCCL INFO Channel 12 : 3[b00000] -> 4[400000] via P2P/direct pointer/read
az-wus2-a100-worker-00030:7342:8284 [1] NCCL INFO Channel 10 : 1[d00000] -> 2[c00000] via P2P/direct pointer/read
az-wus2-a100-worker-00030:7342:8287 [4] NCCL INFO Channel 12 : 4[400000] -> 5[300000] via P2P/direct pointer/read
az-wus2-a100-worker-00030:7342:8285 [2] NCCL INFO Channel 19 : 2[c00000] -> 3[b00000] via P2P/direct pointer/read
az-wus2-a100-worker-00030:7342:8288 [5] NCCL INFO Channel 06 : 5[300000] -> 6[200000] via P2P/direct pointer/read
az-wus2-a100-worker-00030:7342:8289 [6] NCCL INFO Channel 21 : 6[200000] -> 7[100000] via P2P/direct pointer/read
az-wus2-a100-worker-00030:7342:8286 [3] NCCL INFO Channel 13 : 3[b00000] -> 4[400000] via P2P/direct pointer/read
az-wus2-a100-worker-00030:7342:8284 [1] NCCL INFO Channel 11 : 1[d00000] -> 2[c00000] via P2P/direct pointer/read
az-wus2-a100-worker-00030:7342:8287 [4] NCCL INFO Channel 13 : 4[400000] -> 5[300000] via P2P/direct pointer/read
az-wus2-a100-worker-00030:7342:8285 [2] NCCL INFO Channel 20 : 2[c00000] -> 3[b00000] via P2P/direct pointer/read
az-wus2-a100-worker-00030:7342:8288 [5] NCCL INFO Channel 07 : 5[300000] -> 6[200000] via P2P/direct pointer/read
az-wus2-a100-worker-00030:7342:8289 [6] NCCL INFO Channel 22 : 6[200000] -> 7[100000] via P2P/direct pointer/read
az-wus2-a100-worker-00030:7342:8286 [3] NCCL INFO Channel 14 : 3[b00000] -> 4[400000] via P2P/direct pointer/read
az-wus2-a100-worker-00030:7342:8284 [1] NCCL INFO Channel 12 : 1[d00000] -> 2[c00000] via P2P/direct pointer/read
az-wus2-a100-worker-00030:7342:8287 [4] NCCL INFO Channel 14 : 4[400000] -> 5[300000] via P2P/direct pointer/read
az-wus2-a100-worker-00030:7342:8285 [2] NCCL INFO Channel 21 : 2[c00000] -> 3[b00000] via P2P/direct pointer/read
az-wus2-a100-worker-00030:7342:8288 [5] NCCL INFO Channel 08 : 5[300000] -> 6[200000] via P2P/direct pointer/read
az-wus2-a100-worker-00030:7342:8289 [6] NCCL INFO Channel 23 : 6[200000] -> 7[100000] via P2P/direct pointer/read
az-wus2-a100-worker-00030:7342:8286 [3] NCCL INFO Channel 15 : 3[b00000] -> 4[400000] via P2P/direct pointer/read
az-wus2-a100-worker-00030:7342:8284 [1] NCCL INFO Channel 13 : 1[d00000] -> 2[c00000] via P2P/direct pointer/read
az-wus2-a100-worker-00030:7342:8287 [4] NCCL INFO Channel 15 : 4[400000] -> 5[300000] via P2P/direct pointer/read
az-wus2-a100-worker-00030:7342:8285 [2] NCCL INFO Channel 22 : 2[c00000] -> 3[b00000] via P2P/direct pointer/read
az-wus2-a100-worker-00030:7342:8288 [5] NCCL INFO Channel 09 : 5[300000] -> 6[200000] via P2P/direct pointer/read
az-wus2-a100-worker-00030:7342:8286 [3] NCCL INFO Channel 16 : 3[b00000] -> 4[400000] via P2P/direct pointer/read
az-wus2-a100-worker-00030:7342:8284 [1] NCCL INFO Channel 14 : 1[d00000] -> 2[c00000] via P2P/direct pointer/read
az-wus2-a100-worker-00030:7342:8287 [4] NCCL INFO Channel 16 : 4[400000] -> 5[300000] via P2P/direct pointer/read
az-wus2-a100-worker-00030:7342:8285 [2] NCCL INFO Channel 23 : 2[c00000] -> 3[b00000] via P2P/direct pointer/read
az-wus2-a100-worker-00030:7342:8288 [5] NCCL INFO Channel 10 : 5[300000] -> 6[200000] via P2P/direct pointer/read
az-wus2-a100-worker-00030:7342:8286 [3] NCCL INFO Channel 17 : 3[b00000] -> 4[400000] via P2P/direct pointer/read
az-wus2-a100-worker-00030:7342:8284 [1] NCCL INFO Channel 15 : 1[d00000] -> 2[c00000] via P2P/direct pointer/read
az-wus2-a100-worker-00030:7342:8287 [4] NCCL INFO Channel 17 : 4[400000] -> 5[300000] via P2P/direct pointer/read
az-wus2-a100-worker-00030:7342:8288 [5] NCCL INFO Channel 11 : 5[300000] -> 6[200000] via P2P/direct pointer/read
az-wus2-a100-worker-00030:7342:8286 [3] NCCL INFO Channel 18 : 3[b00000] -> 4[400000] via P2P/direct pointer/read
az-wus2-a100-worker-00030:7342:8284 [1] NCCL INFO Channel 16 : 1[d00000] -> 2[c00000] via P2P/direct pointer/read
az-wus2-a100-worker-00030:7342:8287 [4] NCCL INFO Channel 18 : 4[400000] -> 5[300000] via P2P/direct pointer/read
az-wus2-a100-worker-00030:7342:8288 [5] NCCL INFO Channel 12 : 5[300000] -> 6[200000] via P2P/direct pointer/read
az-wus2-a100-worker-00030:7342:8286 [3] NCCL INFO Channel 19 : 3[b00000] -> 4[400000] via P2P/direct pointer/read
az-wus2-a100-worker-00030:7342:8284 [1] NCCL INFO Channel 17 : 1[d00000] -> 2[c00000] via P2P/direct pointer/read
az-wus2-a100-worker-00030:7342:8287 [4] NCCL INFO Channel 19 : 4[400000] -> 5[300000] via P2P/direct pointer/read
az-wus2-a100-worker-00030:7342:8288 [5] NCCL INFO Channel 13 : 5[300000] -> 6[200000] via P2P/direct pointer/read
az-wus2-a100-worker-00030:7342:8286 [3] NCCL INFO Channel 20 : 3[b00000] -> 4[400000] via P2P/direct pointer/read
az-wus2-a100-worker-00030:7342:8284 [1] NCCL INFO Channel 18 : 1[d00000] -> 2[c00000] via P2P/direct pointer/read
az-wus2-a100-worker-00030:7342:8287 [4] NCCL INFO Channel 20 : 4[400000] -> 5[300000] via P2P/direct pointer/read
az-wus2-a100-worker-00030:7342:8288 [5] NCCL INFO Channel 14 : 5[300000] -> 6[200000] via P2P/direct pointer/read
az-wus2-a100-worker-00030:7342:8286 [3] NCCL INFO Channel 21 : 3[b00000] -> 4[400000] via P2P/direct pointer/read
az-wus2-a100-worker-00030:7342:8284 [1] NCCL INFO Channel 19 : 1[d00000] -> 2[c00000] via P2P/direct pointer/read
az-wus2-a100-worker-00030:7342:8287 [4] NCCL INFO Channel 21 : 4[400000] -> 5[300000] via P2P/direct pointer/read
az-wus2-a100-worker-00030:7342:8288 [5] NCCL INFO Channel 15 : 5[300000] -> 6[200000] via P2P/direct pointer/read
az-wus2-a100-worker-00030:7342:8286 [3] NCCL INFO Channel 22 : 3[b00000] -> 4[400000] via P2P/direct pointer/read
az-wus2-a100-worker-00030:7342:8284 [1] NCCL INFO Channel 20 : 1[d00000] -> 2[c00000] via P2P/direct pointer/read
az-wus2-a100-worker-00030:7342:8287 [4] NCCL INFO Channel 22 : 4[400000] -> 5[300000] via P2P/direct pointer/read
az-wus2-a100-worker-00030:7342:8288 [5] NCCL INFO Channel 16 : 5[300000] -> 6[200000] via P2P/direct pointer/read
az-wus2-a100-worker-00030:7342:8286 [3] NCCL INFO Channel 23 : 3[b00000] -> 4[400000] via P2P/direct pointer/read
az-wus2-a100-worker-00030:7342:8284 [1] NCCL INFO Channel 21 : 1[d00000] -> 2[c00000] via P2P/direct pointer/read
az-wus2-a100-worker-00030:7342:8287 [4] NCCL INFO Channel 23 : 4[400000] -> 5[300000] via P2P/direct pointer/read
az-wus2-a100-worker-00030:7342:8288 [5] NCCL INFO Channel 17 : 5[300000] -> 6[200000] via P2P/direct pointer/read
az-wus2-a100-worker-00030:7342:8284 [1] NCCL INFO Channel 22 : 1[d00000] -> 2[c00000] via P2P/direct pointer/read
az-wus2-a100-worker-00030:7342:8290 [7] NCCL INFO Connected all trees
az-wus2-a100-worker-00030:7342:8290 [7] NCCL INFO threadThresholds 8/8/64 | 64/8/64 | 8/8/64
az-wus2-a100-worker-00030:7342:8288 [5] NCCL INFO Channel 18 : 5[300000] -> 6[200000] via P2P/direct pointer/read
az-wus2-a100-worker-00030:7342:8284 [1] NCCL INFO Channel 23 : 1[d00000] -> 2[c00000] via P2P/direct pointer/read
az-wus2-a100-worker-00030:7342:8288 [5] NCCL INFO Channel 19 : 5[300000] -> 6[200000] via P2P/direct pointer/read
az-wus2-a100-worker-00030:7342:8286 [3] NCCL INFO Connected all trees
az-wus2-a100-worker-00030:7342:8286 [3] NCCL INFO threadThresholds 8/8/64 | 64/8/64 | 8/8/64
az-wus2-a100-worker-00030:7342:8288 [5] NCCL INFO Channel 20 : 5[300000] -> 6[200000] via P2P/direct pointer/read
az-wus2-a100-worker-00030:7342:8288 [5] NCCL INFO Channel 21 : 5[300000] -> 6[200000] via P2P/direct pointer/read
